// Jest Snapshot v1, https://goo.gl/fbAQLP

exports[`Card should render correctly 1`] = `
<div
  className="card"
>
  <div
    className="card-photo"
  >
    <img
      alt="photo alt"
      className="mx-auto"
      src="somephoto.svg"
    />
  </div>
  <div
    className="px-6 py-4"
  >
    <div
      className="font-bold text-xl mb-2"
    >
      title
    </div>
  </div>
  <div
    className="px-6 py-4"
  >
    <button
      className="btn btn-blue btn-blue:hover"
      onClick={[Function]}
    />
  </div>
</div>
`;
