// Jest Snapshot v1, https://goo.gl/fbAQLP

exports[`Header should render correctly 1`] = `
<header
  className="app-header"
>
  <img
    alt="Animal Lovers"
    className="app-logo"
    src="logo.svg"
  />
</header>
`;
