// Jest Snapshot v1, https://goo.gl/fbAQLP

exports[`Table should render correctly 1`] = `
<div
  className="flex flex-col"
>
  <div
    className="-my-2 overflow-x-auto sm:-mx-6 lg:-mx-8"
  >
    <div
      className="py-2 align-middle inline-block min-w-full sm:px-6 lg:px-8 overflow-x-auto"
    >
      <div
        className="shadow overflow-hidden border-b border-gray-200 sm:rounded-lg overflow-x-auto"
      >
        <table
          className="min-w-full divide-y divide-gray-200"
        >
          <thead
            className="bg-gray-50"
          >
            <tr>
              <th
                className="px-6 py-3 text-left text-xs font-medium text-gray-500 uppercase tracking-wider"
                scope="col"
              >
                Name
              </th>
              <th
                className="px-6 py-3 text-left text-xs font-medium text-gray-500 uppercase tracking-wider"
                scope="col"
              >
                Animal List
              </th>
              <th
                className="px-6 py-3 text-left text-xs font-medium text-gray-500 uppercase tracking-wider"
                scope="col"
              >
                Points
              </th>
              <th
                className="px-6 py-3 text-left text-xs font-medium text-gray-500 uppercase tracking-wider"
                scope="col"
              >
                Actions
              </th>
            </tr>
          </thead>
          <tbody
            className="bg-white divide-y divide-gray-200"
          />
        </table>
      </div>
    </div>
  </div>
</div>
`;
