// Jest Snapshot v1, https://goo.gl/fbAQLP

exports[`UsersList should render correctly 1`] = `
<div
  className="max-w-7xl mx-auto sm:px-6 lg:px-8"
>
  <h2
    className="font-medium text-2xl py-6"
  >
    BEAR USERS
  </h2>
  <div
    className="flex flex-col"
  >
    <div
      className="-my-2 overflow-x-auto sm:-mx-6 lg:-mx-8"
    >
      <div
        className="py-2 align-middle inline-block min-w-full sm:px-6 lg:px-8"
      >
        <div
          className="shadow overflow-hidden border-b border-gray-200 sm:rounded-lg"
        >
          <table
            className="min-w-full divide-y divide-gray-200"
          >
            <thead
              className="bg-gray-50"
            >
              <tr>
                <th
                  className="px-6 py-3 text-left text-xs font-medium text-gray-500 uppercase tracking-wider"
                  scope="col"
                >
                  Name
                </th>
                <th
                  className="px-6 py-3 text-left text-xs font-medium text-gray-500 uppercase tracking-wider"
                  scope="col"
                >
                  Animal List
                </th>
                <th
                  className="px-6 py-3 text-left text-xs font-medium text-gray-500 uppercase tracking-wider"
                  scope="col"
                >
                  Points
                </th>
                <th
                  className="px-6 py-3 text-left text-xs font-medium text-gray-500 uppercase tracking-wider"
                  scope="col"
                >
                  Actions
                </th>
              </tr>
            </thead>
            <tbody
              className="bg-white divide-y divide-gray-200"
            >
              <tr>
                <td
                  className="px-6 py-4 whitespace-nowrap"
                >
                  <div
                    className="flex items-center"
                  >
                    <div
                      className="flex-shrink-0 h-10 w-10"
                    >
                      <img
                        alt="Stefanie"
                        className="h-10 w-10 rounded-full"
                        src="https://images.unsplash.com/photo-1491528323818-fdd1faba62cc?ixlib=rb-1.2.1&ixid=eyJhcHBfaWQiOjEyMDd9&auto=format&fit=facearea&facepad=2&w=256&h=256&q=80"
                      />
                    </div>
                    <div
                      className="ml-4"
                    >
                      <div
                        className="text-sm font-medium text-gray-900"
                      >
                        Stefanie
                         
                        Bond
                      </div>
                    </div>
                  </div>
                </td>
                <td
                  className="px-6 py-4 whitespace-nowrap"
                >
                  <ul
                    className="inline-list"
                  />
                </td>
                <td
                  className="px-6 py-4 whitespace-nowrap text-sm text-gray-500"
                >
                  100
                </td>
                <td
                  className="px-6 py-4 whitespace-nowrap text-right text-sm font-medium"
                >
                  <button
                    className="btn-remove-user"
                    onClick={[Function]}
                  >
                    Delete user
                  </button>
                </td>
              </tr>
            </tbody>
          </table>
        </div>
      </div>
    </div>
  </div>
  <div
    className="text-center py-8"
  >
    <button
      className="btn btn-blue btn-blue:hover"
      onClick={[Function]}
    >
      Show more
    </button>
  </div>
</div>
`;
